FAIL all three actual Scout renderers consume the confirmed feed across unknown week0 AssertionError [ERR_ASSERTION]: The input did not match the regular expression /Confirmed completed Yahoo trades/. Input:

'<div class="empty">No trades yet this season.</div>'

    at /Users/jacobc/Projects/reconai-readiness-scout-yahoo-transactions/tests/scout-yahoo-transactions.cjs:16:349
    at async test (/Users/jacobc/Projects/reconai-readiness-scout-yahoo-transactions/tests/scout-yahoo-transactions.cjs:15:73)
    at async main (/Users/jacobc/Projects/reconai-readiness-scout-yahoo-transactions/tests/scout-yahoo-transactions.cjs:16:1) {
  generatedMessage: true,
  code: 'ERR_ASSERTION',
  actual: '<div class="empty">No trades yet this season.</div>',
  expected: /Confirmed completed Yahoo trades/,
  operator: 'match',
  diff: 'simple'
}
PASS trade history retains team activity, network and details without fabricated grades
[Yahoo] transactions fetch failed: outage
PASS unavailable never appears as zero and stale retains last confirmed cards
FAIL verified empty replaces retained good rows without LI fallback evalmachine.<anonymous>:64
  const li = _tcLI();
             ^

ReferenceError: _tcLI is not defined
    at _tcRenderRecentTrades (evalmachine.<anonymous>:64:14)
    at evalmachine.<anonymous>:1:1
    at Script.runInContext (node:vm:149:12)
    at Object.runInContext (node:vm:301:6)
    at /Users/jacobc/Projects/reconai-readiness-scout-yahoo-transactions/tests/scout-yahoo-transactions.cjs:19:199
    at async test (/Users/jacobc/Projects/reconai-readiness-scout-yahoo-transactions/tests/scout-yahoo-transactions.cjs:15:73)
    at async main (/Users/jacobc/Projects/reconai-readiness-scout-yahoo-transactions/tests/scout-yahoo-transactions.cjs:19:1)
[Yahoo] transactions fetch failed: outage
PASS duplicate retry shares one provider fetch and releases after failure
PASS late retry cannot write after account, provider, league, season or S replacement
PASS same-account reconnect retires an old retry before new state publication
PASS account change on rendered view hides rows and blocks any retry request
PASS foreign metadata or malformed/pending rows cannot be presented as ready
PASS provider names and asset strings are escaped as text
PASS non-Yahoo state stays on its established renderer
Scout Yahoo transactions: 9 passed, 2 failed
