  Loading shared/utils.js … OK
  Loading shared/storage.js … OK
  Loading shared/event-bus.js … OK
  Loading shared/tier.js … OK
  Loading shared/sleeper-api.js … [Sleeper] platform-provider.js not loaded — provider will not be registered
OK
  Loading shared/dhq-core.js … OK
  Loading shared/dhq-engine.js … OK
  Extracting addFieldLogEntry … OK


  normPos  ..........................
  posLabel  ...
  formatNFLDraftSlot  ..........
  getLeaguePositions  ..
  calcRawPts (utils.js)  .......
  calcFantasyPts  ..................
  DHQ value tuning  ..................
  DhqStorage  .........[DHQ:storage.get:dhq_test_bad] Expected property name or '}' in JSON at position 1 (line 1 column 2) 
....
  DhqEvents  ......[DHQ:event-bus] handler error { event: 'test:error' }
...
  STORAGE_KEYS  ......
  isTrialActive  .....
  getTier  .............
  getDailyChatRemaining  ......
  canAccess  ....
  addFieldLogEntry  .........

✓ 149 tests — 149 passed, 0 failed
